0 info it worked if it ends with ok
1 verbose cli [ '/Users/enaboule/.brew/Cellar/node/7.1.0/bin/node',
1 verbose cli   '/Users/enaboule/.brew/bin/npm',
1 verbose cli   'run',
1 verbose cli   'babel-node',
1 verbose cli   'server.js' ]
2 info using npm@3.10.9
3 info using node@v7.1.0
4 verbose run-script [ 'prebabel-node', 'babel-node', 'postbabel-node' ]
5 info lifecycle matcha@1.0.0~prebabel-node: matcha@1.0.0
6 silly lifecycle matcha@1.0.0~prebabel-node: no script for prebabel-node, continuing
7 info lifecycle matcha@1.0.0~babel-node: matcha@1.0.0
8 verbose lifecycle matcha@1.0.0~babel-node: unsafe-perm in lifecycle true
9 verbose lifecycle matcha@1.0.0~babel-node: PATH: /Users/enaboule/.brew/lib/node_modules/npm/bin/node-gyp-bin:/Users/enaboule/matchaBack/node_modules/.bin:/Users/enaboule/.brew/lib/node_modules/npm/bin/node-gyp-bin:/Users/enaboule/matchaBack/node_modules/.bin:/Users/enaboule/.brew/Cellar/node/7.1.0/bin:/usr/bin:/bin:/usr/sbin:/sbin:/usr/local/bin:/usr/local/munki:/Users/enaboule/.brew/bin/
10 verbose lifecycle matcha@1.0.0~babel-node: CWD: /Users/enaboule/matchaBack
11 silly lifecycle matcha@1.0.0~babel-node: Args: [ '-c', 'babel-node --presets=es2015 "server.js"' ]
12 silly lifecycle matcha@1.0.0~babel-node: Returned: code: 1  signal: null
13 info lifecycle matcha@1.0.0~babel-node: Failed to exec babel-node script
14 verbose stack Error: matcha@1.0.0 babel-node: `babel-node --presets=es2015 "server.js"`
14 verbose stack Exit status 1
14 verbose stack     at EventEmitter.<anonymous> (/Users/enaboule/.brew/lib/node_modules/npm/lib/utils/lifecycle.js:255:16)
14 verbose stack     at emitTwo (events.js:106:13)
14 verbose stack     at EventEmitter.emit (events.js:191:7)
14 verbose stack     at ChildProcess.<anonymous> (/Users/enaboule/.brew/lib/node_modules/npm/lib/utils/spawn.js:40:14)
14 verbose stack     at emitTwo (events.js:106:13)
14 verbose stack     at ChildProcess.emit (events.js:191:7)
14 verbose stack     at maybeClose (internal/child_process.js:885:16)
14 verbose stack     at Process.ChildProcess._handle.onexit (internal/child_process.js:226:5)
15 verbose pkgid matcha@1.0.0
16 verbose cwd /Users/enaboule/matchaBack
17 error Darwin 16.1.0
18 error argv "/Users/enaboule/.brew/Cellar/node/7.1.0/bin/node" "/Users/enaboule/.brew/bin/npm" "run" "babel-node" "server.js"
19 error node v7.1.0
20 error npm  v3.10.9
21 error code ELIFECYCLE
22 error matcha@1.0.0 babel-node: `babel-node --presets=es2015 "server.js"`
22 error Exit status 1
23 error Failed at the matcha@1.0.0 babel-node script 'babel-node --presets=es2015 "server.js"'.
23 error Make sure you have the latest version of node.js and npm installed.
23 error If you do, this is most likely a problem with the matcha package,
23 error not with npm itself.
23 error Tell the author that this fails on your system:
23 error     babel-node --presets=es2015 "server.js"
23 error You can get information on how to open an issue for this project with:
23 error     npm bugs matcha
23 error Or if that isn't available, you can get their info via:
23 error     npm owner ls matcha
23 error There is likely additional logging output above.
24 verbose exit [ 1, true ]
